// Jest Snapshot v1, https://goo.gl/fbAQLP

exports[`OIcon render correctly 1`] = `""`;
