// Jest Snapshot v1, https://goo.gl/fbAQLP

exports[`OCollapse default render correctly 1`] = `""`;
