// Jest Snapshot v1, https://goo.gl/fbAQLP

exports[`OAutocomplete render correctly 1`] = `
<div class="o-autocomplete">
    <!---->
    <div class="o-autocomplete-menu" style="display: none;">
        <!---->
        <!---->
        <!---->
        <!---->
    </div>
</div>
`;
