// Jest Snapshot v1, https://goo.gl/fbAQLP

exports[`OTable render correctly 1`] = `""`;
