// Jest Snapshot v1, https://goo.gl/fbAQLP

exports[`OFieldBody render correctly 1`] = `""`;
