// Jest Snapshot v1, https://goo.gl/fbAQLP

exports[`OSkeleton render correctly 1`] = `""`;
