// Jest Snapshot v1, https://goo.gl/fbAQLP

exports[`OButton render correctly 1`] = `
<button type="button" class="o-button">
    <!---->
    <!---->
    <!---->
</button>
`;
